
> coding-night-final-frontend@0.1.0 build
> next build

▲ Next.js 16.2.2 (Turbopack)
- Environments: .env.local, .env

⚠ The "middleware" file convention is deprecated. Please use "proxy" instead. Learn more: https://nextjs.org/docs/messages/middleware-to-proxy
  Creating an optimized production build ...
✓ Compiled successfully in 7.0s
  Running TypeScript ...
  Finished TypeScript in 150ms ...
  Collecting page data using 11 workers ...
mongodb+srv://mubeenulislam207_db_user:mubeen123.@cluster0.nq3cavk.mongodb.net/todoApp?retryWrites=true&w=majority
mongodb+srv://mubeenulislam207_db_user:mubeen123.@cluster0.nq3cavk.mongodb.net/todoApp?retryWrites=true&w=majority
mongodb+srv://mubeenulislam207_db_user:mubeen123.@cluster0.nq3cavk.mongodb.net/todoApp?retryWrites=true&w=majority
mongodb+srv://mubeenulislam207_db_user:mubeen123.@cluster0.nq3cavk.mongodb.net/todoApp?retryWrites=true&w=majority
mongodb+srv://mubeenulislam207_db_user:mubeen123.@cluster0.nq3cavk.mongodb.net/todoApp?retryWrites=true&w=majority
mongodb+srv://mubeenulislam207_db_user:mubeen123.@cluster0.nq3cavk.mongodb.net/todoApp?retryWrites=true&w=majority
mongodb+srv://mubeenulislam207_db_user:mubeen123.@cluster0.nq3cavk.mongodb.net/todoApp?retryWrites=true&w=majority
mongodb+srv://mubeenulislam207_db_user:mubeen123.@cluster0.nq3cavk.mongodb.net/todoApp?retryWrites=true&w=majority
mongodb+srv://mubeenulislam207_db_user:mubeen123.@cluster0.nq3cavk.mongodb.net/todoApp?retryWrites=true&w=majority
mongodb+srv://mubeenulislam207_db_user:mubeen123.@cluster0.nq3cavk.mongodb.net/todoApp?retryWrites=true&w=majority
mongodb+srv://mubeenulislam207_db_user:mubeen123.@cluster0.nq3cavk.mongodb.net/todoApp?retryWrites=true&w=majority
  Generating static pages using 11 workers (0/28) ...
  Generating static pages using 11 workers (7/28) 
  Generating static pages using 11 workers (14/28) 
  Generating static pages using 11 workers (21/28) 
✓ Generating static pages using 11 workers (28/28) in 613ms
  Finalizing page optimization ...

Route (app)
┌ ○ /
├ ○ /_not-found
├ ○ /ai-center
├ ƒ /api/ai/suggestions
├ ƒ /api/auth/[...nextauth]
├ ƒ /api/data
├ ƒ /api/messages
├ ƒ /api/messages/conversations
├ ƒ /api/notifications
├ ƒ /api/notifications/count
├ ƒ /api/register
├ ƒ /api/requests
├ ƒ /api/requests/[id]
├ ƒ /api/requests/[id]/help
├ ƒ /api/requests/[id]/solve
├ ƒ /api/users
├ ƒ /api/users/leaderboard
├ ƒ /api/users/list
├ ƒ /api/users/onboarding
├ ƒ /api/users/profile
├ ○ /create-request
├ ○ /dashboard
├ ○ /explore
├ ○ /leaderboard
├ ○ /login
├ ○ /messages
├ ○ /notifications
├ ○ /onboarding
├ ○ /profile
├ ƒ /request/[id]
└ ○ /signup


ƒ Proxy (Middleware)

○  (Static)   prerendered as static content
ƒ  (Dynamic)  server-rendered on demand

