
> coding-night-final-frontend@0.1.0 build
> next build

▲ Next.js 16.2.2 (Turbopack)
- Environments: .env.local, .env

⚠ The "middleware" file convention is deprecated. Please use "proxy" instead. Learn more: https://nextjs.org/docs/messages/middleware-to-proxy
  Creating an optimized production build ...

> Build error occurred
Error: Turbopack build failed with 2 errors:
./src/app/request/[id]/page.js:4:1
Module not found: Can't resolve '.../../../components/HeroCard'
  [90m2 |[0m
  [90m3 |[0m [36mimport[0m [33mReact[0m, { useEffect, useState } [36mfrom[0m [32m'react'[0m;
[31m[1m>[0m [90m4 |[0m [36mimport[0m [33mHeroCard[0m [36mfrom[0m [32m'.../../../components/HeroCard'[0m;
  [90m  |[0m [31m[1m^^^^^^^^^^^^^^^^^^^^^^^^^^^^^^^^^^^^^^^^^^^^^^^^^^^^^[0m
  [90m5 |[0m [36mimport[0m [33mLink[0m [36mfrom[0m [32m'next/link'[0m;
  [90m6 |[0m [36mimport[0m { useSession } [36mfrom[0m [32m'next-auth/react'[0m;
  [90m7 |[0m [36mimport[0m { useRouter, useParams } [36mfrom[0m [32m'next/navigation'[0m;



Import traces:
  Client Component Browser:
    ./src/app/request/[id]/page.js [Client Component Browser]
    ./src/app/request/[id]/page.js [Server Component]

  Client Component SSR:
    ./src/app/request/[id]/page.js [Client Component SSR]
    ./src/app/request/[id]/page.js [Server Component]

https://nextjs.org/docs/messages/module-not-found


./src/app/request/[id]/page.js:3:1
Module not found: Can't resolve '.../../../components/HeroCard'
  [90m1 |[0m [32m"use client"[0m;
  [90m2 |[0m [36mimport[0m [33mReact[0m, { useEffect, useState } [36mfrom[0m [32m'react'[0m;
[31m[1m>[0m [90m3 |[0m [36mimport[0m [33mHeroCard[0m [36mfrom[0m [32m'.../../../components/HeroCard'[0m;
  [90m  |[0m [31m[1m^^^^^^^^^^^^^^^^^^^^^^^^^^^^^^^^^^^^^^^^^^^^^^^^^^^^^[0m
  [90m4 |[0m [36mimport[0m [33mLink[0m [36mfrom[0m [32m'next/link'[0m;
  [90m5 |[0m [36mimport[0m { useSession } [36mfrom[0m [32m'next-auth/react'[0m;
  [90m6 |[0m [36mimport[0m { useRouter, useParams } [36mfrom[0m [32m'next/navigation'[0m;



Import traces:
  Client Component Browser:
    ./src/app/request/[id]/page.js [Client Component Browser]
    ./src/app/request/[id]/page.js [Server Component]

  Client Component SSR:
    ./src/app/request/[id]/page.js [Client Component SSR]
    ./src/app/request/[id]/page.js [Server Component]

https://nextjs.org/docs/messages/module-not-found


    at <unknown> (./src/app/request/[id]/page.js:4:1)
    at <unknown> (https://nextjs.org/docs/messages/module-not-found)
    at <unknown> (./src/app/request/[id]/page.js:3:1)
    at <unknown> (https://nextjs.org/docs/messages/module-not-found)
